Microchip MPLAB XC8 Compiler V2.20

Linker command line:

-W-3 --edf=A:\Microchip\xc8\v2.20\pic\dat\en_msgs.txt -cn \
  -h+dist/default/production\ProjetoFinal.X.production.sym \
  --cmf=dist/default/production\ProjetoFinal.X.production.cmf -z -Q18F4520 \
  -oC:\Users\raulb\AppData\Local\Temp\siho.2 --defsym=__MPLAB_BUILD=1 \
  -Mdist/default/production/ProjetoFinal.X.production.map -E1 \
  -ver=XC8 Compiler --acfsm=1493 -ASTACK=0120h-05FFh -pstack=STACK \
  -ACODE=00h-07FFFh -ACONST=00h-07FFFh -ASMALLCONST=0600h-06FFhx122 \
  -AMEDIUMCONST=0600h-07FFFh -ACOMRAM=01h-07Fh -AABS1=00h-05FFh \
  -ABIGRAM=01h-05FFh -ARAM=080h-0FFh,0100h-01FFhx5 -ABANK0=080h-0FFh \
  -ABANK1=0100h-01FFh -ABANK2=0200h-02FFh -ABANK3=0300h-03FFh \
  -ABANK4=0400h-04FFh -ABANK5=0500h-05FFh -ASFR=0F80h-0FFFh \
  -ACONFIG=0300000h-030000Dh -AIDLOC=0200000h-0200007h \
  -preset_vec=00h,intcode,intcodelo,powerup,init -pramtop=0600h \
  -psmallconst=SMALLCONST -pmediumconst=MEDIUMCONST -pconst=CONST \
  -AFARRAM=00h-00h -AEEDATA=0F00000h-0F000FFh -peeprom_data=EEDATA \
  -prdata=COMRAM,nvrram=COMRAM,nvbit=COMRAM,rbss=COMRAM,rbit=COMRAM \
  -pfarbss=FARRAM,fardata=FARRAM,nvFARRAM=FARRAM \
  -pintsave_regs=BIGRAM,bigbss=BIGRAM,bigdata=BIGRAM -pbss=RAM \
  -pidata=CODE,irdata=CODE,ibigdata=CODE,ifardata=CODE -prparam=COMRAM \
  C:\Users\raulb\AppData\Local\Temp\siho.o \
  dist/default/production\ProjetoFinal.X.production.o 

Object code version is 3.11

Machine type is 18F4520



                Name                               Link     Load   Length Selector   Space Scale
C:\Users\raulb\AppData\Local\Temp\siho.o
                idloc                            200000   200000        8        0       5
                config                           300000   300000        E        0       4
                init                                  0        0        4        0       0
dist/default/production\ProjetoFinal.X.production.o
                idloc                            200000   200000        8        0       5
                config                           300000   300000        E        0       4
                smallconst                          600      600       12      300       0
                text22                             1230     1230       A4      309       0
                text21                             12D4     12D4       88      309       0
                text20                              F66      F66      17A      309       0
                text19                             1794     1794        A      309       0
                text18                             178A     178A        A      309       0
                text17                             174E     174E       18      309       0
                text16                              D18      D18      24E      309       0
                text15                             1636     1636       54      309       0
                text14                             1732     1732       1C      309       0
                text13                             135C     135C       7E      309       0
                text12                              ACA      ACA      24E      309       0
                text11                             13DA     13DA       78      309       0
                text10                             1766     1766       14      309       0
                text9                              1452     1452       74      309       0
                text8                              16CA     16CA       26      309       0
                text7                              14C6     14C6       6C      309       0
                text6                              1532     1532       58      309       0
                text5                              15E0     15E0       56      309       0
                text4                              10E0     10E0      150      309       0
                text3                              179E     179E        8      309       0
                text2                              16F0     16F0       22      309       0
                text1                              177A     177A       10      309       0
                text0                               612      612      4B8      309       0
                cstackCOMRAM                         41       41       1A        1       1
                cstackBANK0                          80       80       6C       80       1
                dataBANK1                           100      100       20      100       1
                dataCOMRAM                            1        1       40        1       1
                bssCOMRAM                            5B       5B        C        1       1
                cinit                              158A     158A       56      309       0
                idataBANK1                         1712     1712       20      309       0
                idataCOMRAM                        168A     168A       40      309       0

TOTAL           Name                               Link     Load   Length     Space
        CLASS   STACK          

        CLASS   CODE           
                init                                  0        0        4         0
                text22                             1230     1230       A4         0
                text21                             12D4     12D4       88         0
                text20                              F66      F66      17A         0
                text19                             1794     1794        A         0
                text18                             178A     178A        A         0
                text17                             174E     174E       18         0
                text16                              D18      D18      24E         0
                text15                             1636     1636       54         0
                text14                             1732     1732       1C         0
                text13                             135C     135C       7E         0
                text12                              ACA      ACA      24E         0
                text11                             13DA     13DA       78         0
                text10                             1766     1766       14         0
                text9                              1452     1452       74         0
                text8                              16CA     16CA       26         0
                text7                              14C6     14C6       6C         0
                text6                              1532     1532       58         0
                text5                              15E0     15E0       56         0
                text4                              10E0     10E0      150         0
                text3                              179E     179E        8         0
                text2                              16F0     16F0       22         0
                text1                              177A     177A       10         0
                text0                               612      612      4B8         0
                cinit                              158A     158A       56         0
                idataBANK1                         1712     1712       20         0
                idataCOMRAM                        168A     168A       40         0

        CLASS   CONST          

        CLASS   SMALLCONST     
                smallconst                          600      600       12         0

        CLASS   MEDIUMCONST    

        CLASS   COMRAM         
                cstackCOMRAM                         41       41       1A         1
                dataCOMRAM                            1        1       40         1
                bssCOMRAM                            5B       5B        C         1

        CLASS   ABS1           

        CLASS   BIGRAM         

        CLASS   RAM            

        CLASS   BANK0          
                cstackBANK0                          80       80       6C         1

        CLASS   BANK1          
                dataBANK1                           100      100       20         1

        CLASS   BANK2          

        CLASS   BANK3          

        CLASS   BANK4          

        CLASS   BANK5          

        CLASS   SFR            

        CLASS   CONFIG         
                config                           300000   300000        E         4

        CLASS   IDLOC          
                idloc                            200000   200000        8         5

        CLASS   FARRAM         

        CLASS   EEDATA         



SEGMENTS        Name                           Load    Length   Top    Selector   Space  Class

                reset_vec                      000000  000004  000004         0       0  CODE    
                dataCOMRAM                     000001  000066  000067         1       1  COMRAM  
                cstackBANK0                    000080  00006C  0000EC        80       1  BANK0   
                dataBANK1                      000100  000020  000120       100       1  BANK1   
                smallconst                     000600  000012  000612       300       0  SMALLCON
                text0                          000612  001194  0017A6       309       0  CODE    


UNUSED ADDRESS RANGES

        Name                Unused          Largest block    Delta
        BANK0            0000EC-0000FF               14
        BANK1            000120-0001FF               E0
        BANK2            000200-0002FF              100
        BANK3            000300-0003FF              100
        BANK4            000400-0004FF              100
        BANK5            000500-0005FF              100
        BIGRAM           000067-00007F               19
                         0000EC-0000FF               14
                         000120-0005FF              4E0
        CODE             000004-0005FF              5FC
                         0017A6-007FFF             685A
        COMRAM           000067-00007F               19
        CONST            000004-0005FF              5FC
                         0017A6-007FFF             685A
        EEDATA           F00000-F000FF              100
        MEDIUMCONST      0017A6-007FFF             685A
        RAM              0000EC-0000FF               14
                         000120-0005FF              100
        SFR              000F80-000FFF               80
        SMALLCONST       0017A6-007FFF              100
        STACK            000120-0005FF              4E0

                                  Symbol Table

?___lldiv                cstackCOMRAM 000041
?___llmod                cstackCOMRAM 00004E
?___lwdiv                cstackCOMRAM 000041
?___wmul                 cstackCOMRAM 000041
?_kpRead                 cstackCOMRAM 000041
Delay2ms@i               cstackCOMRAM 000042
Delay40us@i              cstackCOMRAM 000041
_CCP1CON                 (abs)        000FBD
_CCP2CON                 (abs)        000FBA
_CCPR1L                  (abs)        000FBE
_CCPR2L                  (abs)        000FBB
_Delay2ms                text14       001732
_Delay40us               text17       00174E
_INTCON                  (abs)        000FF2
_PORTA                   (abs)        000F80
_PORTB                   (abs)        000F81
_PORTC                   (abs)        000F82
_PORTD                   (abs)        000F83
_PORTE                   (abs)        000F84
_PR2                     (abs)        000FCB
_T0CON                   (abs)        000FD5
_T2CON                   (abs)        000FCA
_TMR0H                   (abs)        000FD7
_TMR0L                   (abs)        000FD6
_TRISA                   (abs)        000F92
_TRISB                   (abs)        000F93
_TRISC                   (abs)        000F94
_TRISD                   (abs)        000F95
_TRISE                   (abs)        000F96
__HRAM                   (abs)        000000
__Habs1                  abs1         000000
__Hbank0                 bank0        000000
__Hbank1                 bank1        000000
__Hbank2                 bank2        000000
__Hbank3                 bank3        000000
__Hbank4                 bank4        000000
__Hbank5                 bank5        000000
__Hbigbss                bigbss       000000
__Hbigdata               bigdata      000000
__Hbigram                bigram       000000
__Hbss                   bss          000000
__HbssCOMRAM             bssCOMRAM    000000
__Hcinit                 cinit        000000
__Hclrtext               clrtext      000000
__Hcomram                comram       000000
__Hconfig                config       30000E
__Hconst                 const        000000
__HcstackBANK0           cstackBANK0  000000
__HcstackCOMRAM          cstackCOMRAM 000000
__Hdata                  data         000000
__HdataBANK1             dataBANK1    000000
__HdataCOMRAM            dataCOMRAM   000000
__Heeprom_data           eeprom_data  000000
__Hfarbss                farbss       000000
__Hfardata               fardata      000000
__Hibigdata              ibigdata     000000
__Hidata                 idata        000000
__HidataBANK1            idataBANK1   000000
__HidataCOMRAM           idataCOMRAM  000000
__Hidloc                 idloc        200008
__Hifardata              ifardata     000000
__Hinit                  init         000004
__Hintcode               intcode      000000
__Hintcode_body          intcode_body 000000
__Hintcodelo             intcodelo    000000
__Hintentry              intentry     000000
__Hintret                intret       000000
__Hintsave_regs          intsave_regs 000000
__Hirdata                irdata       000000
__Hmediumconst           mediumconst  000000
__HnvFARRAM              nvFARRAM     000000
__Hnvbit                 nvbit        000000
__Hnvrram                nvrram       000000
__Hparam                 rparam       000000
__Hpowerup               powerup      000000
__Hram                   ram          000000
__Hramtop                ramtop       000600
__Hrbit                  rbit         000000
__Hrbss                  rbss         000000
__Hrdata                 rdata        000000
__Hreset_vec             reset_vec    000000
__Hrparam                rparam       000000
__Hsfr                   sfr          000000
__Hsmallconst            smallconst   000612
__Hspace_0               (abs)        0017A6
__Hspace_1               (abs)        000120
__Hspace_2               (abs)        000000
__Hspace_4               (abs)        60000E
__Hstack                 stack        000000
__Hstruct                struct       000000
__Htemp                  temp         000000
__Htext                  text         000000
__Htext0                 text0        000000
__Htext1                 text1        000000
__Htext10                text10       000000
__Htext11                text11       000000
__Htext12                text12       000000
__Htext13                text13       000000
__Htext14                text14       000000
__Htext15                text15       000000
__Htext16                text16       000000
__Htext17                text17       000000
__Htext18                text18       000000
__Htext19                text19       000000
__Htext2                 text2        000000
__Htext20                text20       000000
__Htext21                text21       000000
__Htext22                text22       000000
__Htext3                 text3        000000
__Htext4                 text4        000000
__Htext5                 text5        000000
__Htext6                 text6        000000
__Htext7                 text7        000000
__Htext8                 text8        000000
__Htext9                 text9        000000
__LRAM                   (abs)        000001
__Labs1                  abs1         000000
__Lbank0                 bank0        000000
__Lbank1                 bank1        000000
__Lbank2                 bank2        000000
__Lbank3                 bank3        000000
__Lbank4                 bank4        000000
__Lbank5                 bank5        000000
__Lbigbss                bigbss       000000
__Lbigdata               bigdata      000000
__Lbigram                bigram       000000
__Lbss                   bss          000000
__LbssCOMRAM             bssCOMRAM    000000
__Lcinit                 cinit        000000
__Lclrtext               clrtext      000000
__Lcomram                comram       000000
__Lconfig                config       000000
__Lconst                 const        000000
__LcstackBANK0           cstackBANK0  000000
__LcstackCOMRAM          cstackCOMRAM 000000
__Ldata                  data         000000
__LdataBANK1             dataBANK1    000000
__LdataCOMRAM            dataCOMRAM   000000
__Leeprom_data           eeprom_data  000000
__Lfarbss                farbss       000000
__Lfardata               fardata      000000
__Libigdata              ibigdata     000000
__Lidata                 idata        000000
__LidataBANK1            idataBANK1   000000
__LidataCOMRAM           idataCOMRAM  000000
__Lidloc                 idloc        000000
__Lifardata              ifardata     000000
__Linit                  init         000000
__Lintcode               intcode      000000
__Lintcode_body          intcode_body 000000
__Lintcodelo             intcodelo    000000
__Lintentry              intentry     000000
__Lintret                intret       000000
__Lintsave_regs          intsave_regs 000000
__Lirdata                irdata       000000
__Lmediumconst           mediumconst  000000
__LnvFARRAM              nvFARRAM     000000
__Lnvbit                 nvbit        000000
__Lnvrram                nvrram       000000
__Lparam                 rparam       000000
__Lpowerup               powerup      000000
__Lram                   ram          000000
__Lramtop                ramtop       000600
__Lrbit                  rbit         000000
__Lrbss                  rbss         000000
__Lrdata                 rdata        000000
__Lreset_vec             reset_vec    000000
__Lrparam                rparam       000000
__Lsfr                   sfr          000000
__Lsmallconst            smallconst   000600
__Lspace_0               (abs)        000000
__Lspace_1               (abs)        000000
__Lspace_2               (abs)        000000
__Lspace_4               (abs)        000000
__Lstack                 stack        000000
__Lstruct                struct       000000
__Ltemp                  temp         000000
__Ltext                  text         000000
__Ltext0                 text0        000000
__Ltext1                 text1        000000
__Ltext10                text10       000000
__Ltext11                text11       000000
__Ltext12                text12       000000
__Ltext13                text13       000000
__Ltext14                text14       000000
__Ltext15                text15       000000
__Ltext16                text16       000000
__Ltext17                text17       000000
__Ltext18                text18       000000
__Ltext19                text19       000000
__Ltext2                 text2        000000
__Ltext20                text20       000000
__Ltext21                text21       000000
__Ltext22                text22       000000
__Ltext3                 text3        000000
__Ltext4                 text4        000000
__Ltext5                 text5        000000
__Ltext6                 text6        000000
__Ltext7                 text7        000000
__Ltext8                 text8        000000
__Ltext9                 text9        000000
__S0                     (abs)        0017A6
__S1                     (abs)        000120
__S2                     (abs)        000000
__S4                     (abs)        000000
__S5                     (abs)        000000
___inthi_sp              stack        000000
___intlo_sp              stack        000000
___lldiv                 text22       001230
___lldiv@counter         cstackCOMRAM 00004D
___lldiv@dividend        cstackCOMRAM 000041
___lldiv@divisor         cstackCOMRAM 000045
___lldiv@quotient        cstackCOMRAM 000049
___llmod                 text21       0012D4
___llmod@counter         cstackCOMRAM 000056
___llmod@dividend        cstackCOMRAM 00004E
___llmod@divisor         cstackCOMRAM 000052
___lwdiv                 text9        001452
___lwdiv@counter         cstackCOMRAM 000047
___lwdiv@dividend        cstackCOMRAM 000041
___lwdiv@divisor         cstackCOMRAM 000043
___lwdiv@quotient        cstackCOMRAM 000045
___param_bank            (abs)        000000
___rparam_used           (abs)        000001
___sp                    stack        000000
___wmul                  text8        0016CA
___wmul@multiplicand     cstackCOMRAM 000043
___wmul@multiplier       cstackCOMRAM 000041
___wmul@product          cstackCOMRAM 000045
__accesstop              (abs)        000080
__activetblptr           (abs)        000002
__end_of_Delay2ms        text14       00174E
__end_of_Delay40us       text17       001766
__end_of___lldiv         text22       0012D4
__end_of___llmod         text21       00135C
__end_of___lwdiv         text9        0014C6
__end_of___wmul          text8        0016F0
__end_of__initialization cinit        0015D6
__end_of_digitalWrite    text16       000F66
__end_of_kpDebounce      text20       0010E0
__end_of_kpInit          text19       00179E
__end_of_kpRead          text18       001794
__end_of_lcdCommand      text13       0013DA
__end_of_lcdData         text15       00168A
__end_of_lcdInit         text11       001452
__end_of_main            text0        000ACA
__end_of_pinMode         text12       000D18
__end_of_pwmInit         text10       00177A
__end_of_pwmSet1         text7        001532
__end_of_ssdDigit        text6        00158A
__end_of_ssdInit         text5        001636
__end_of_ssdUpdate       text4        001230
__end_of_timerInit       text3        0017A6
__end_of_timerReset      text2        001712
__end_of_timerWait       text1        00178A
__end_of_valor@ssd$F244  smallconst   000611
__initialization         cinit        00158A
__mediumconst            mediumconst  000000
__pbssCOMRAM             bssCOMRAM    00005B
__pcinit                 cinit        00158A
__pcstackBANK0           cstackBANK0  000080
__pcstackCOMRAM          cstackCOMRAM 000041
__pdataBANK1             dataBANK1    000100
__pdataCOMRAM            dataCOMRAM   000001
__pidataBANK1            idataBANK1   001712
__pidataCOMRAM           idataCOMRAM  00168A
__psmallconst            smallconst   000600
__ptext0                 text0        000612
__ptext1                 text1        00177A
__ptext10                text10       001766
__ptext11                text11       0013DA
__ptext12                text12       000ACA
__ptext13                text13       00135C
__ptext14                text14       001732
__ptext15                text15       001636
__ptext16                text16       000D18
__ptext17                text17       00174E
__ptext18                text18       00178A
__ptext19                text19       001794
__ptext2                 text2        0016F0
__ptext20                text20       000F66
__ptext21                text21       0012D4
__ptext22                text22       001230
__ptext3                 text3        00179E
__ptext4                 text4        0010E0
__ptext5                 text5        0015E0
__ptext6                 text6        001532
__ptext7                 text7        0014C6
__ptext8                 text8        0016CA
__ptext9                 text9        001452
__ramtop                 ramtop       000600
__size_of_Delay2ms       (abs)        000000
__size_of_Delay40us      (abs)        000000
__size_of___lldiv        (abs)        000000
__size_of___llmod        (abs)        000000
__size_of___lwdiv        (abs)        000000
__size_of___wmul         (abs)        000000
__size_of_digitalWrite   (abs)        000000
__size_of_kpDebounce     (abs)        000000
__size_of_kpInit         (abs)        000000
__size_of_kpRead         (abs)        000000
__size_of_lcdCommand     (abs)        000000
__size_of_lcdData        (abs)        000000
__size_of_lcdInit        (abs)        000000
__size_of_main           (abs)        000000
__size_of_pinMode        (abs)        000000
__size_of_pwmInit        (abs)        000000
__size_of_pwmSet1        (abs)        000000
__size_of_ssdDigit       (abs)        000000
__size_of_ssdInit        (abs)        000000
__size_of_ssdUpdate      (abs)        000000
__size_of_timerInit      (abs)        000000
__size_of_timerReset     (abs)        000000
__size_of_timerWait      (abs)        000000
__smallconst             smallconst   000600
_digitalWrite            text16       000D18
_display                 bssCOMRAM    000065
_kpDebounce              text20       000F66
_kpInit                  text19       001794
_kpRead                  text18       00178A
_lcdCommand              text13       00135C
_lcdData                 text15       001636
_lcdInit                 text11       0013DA
_main                    text0        000612
_pinMode                 text12       000ACA
_pwmInit                 text10       001766
_pwmSet1                 text7        0014C6
_ssdDigit                text6        001532
_ssdInit                 text5        0015E0
_ssdUpdate               text4        0010E0
_timerInit               text3        00179E
_timerReset              text2        0016F0
_timerWait               text1        00177A
_v0                      bssCOMRAM    000064
_v1                      bssCOMRAM    000063
_v2                      bssCOMRAM    000062
_v3                      bssCOMRAM    000061
_valor                   bssCOMRAM    00005F
_valor@ssd$F244          smallconst   000601
digitalWrite@pin         cstackCOMRAM 000041
digitalWrite@value       cstackCOMRAM 000043
end_of_initialization    cinit        0015D6
intlevel0                text         000000
intlevel1                text         000000
intlevel2                text         000000
intlevel3                text         000000
kpDebounce@i             cstackCOMRAM 00004A
kpDebounce@j             cstackCOMRAM 000049
kpDebounce@k             cstackCOMRAM 000047
kpDebounce@old_D         cstackCOMRAM 000046
kpDebounce@tempo         bssCOMRAM    000066
kpDebounce@valorAntigo   bssCOMRAM    00005B
kpDebounce@valorNovo     bssCOMRAM    00005D
lcdCommand@cmd           cstackCOMRAM 000048
lcdCommand@old_D         cstackCOMRAM 000047
lcdData@old_D            cstackCOMRAM 000048
lcdData@valor            cstackCOMRAM 000047
main@EstadoLuminaria     cstackBANK0  0000E1
main@EstadoTimer         cstackBANK0  0000E3
main@EstadoVentoinha     cstackBANK0  0000E4
main@F2389               dataCOMRAM   000021
main@F2391               dataCOMRAM   000001
main@F2393               dataBANK1    000100
main@Tela1               cstackBANK0  000080
main@Tela2               cstackBANK0  0000A0
main@Tela3               cstackBANK0  0000C0
main@VelocidadeVentoinha cstackBANK0  0000E5
main@i                   cstackBANK0  0000EB
main@tecla               cstackBANK0  0000EA
main@temp                cstackBANK0  0000E2
main@timerSSD            cstackBANK0  0000E6
pinMode@pin              cstackCOMRAM 000041
pinMode@type             cstackCOMRAM 000043
pwmSet1@porcento         cstackCOMRAM 00004A
pwmSet1@val              cstackCOMRAM 00004B
ssdDigit@pos             cstackCOMRAM 000057
ssdDigit@val             cstackCOMRAM 000058
stackhi                  (abs)        0005FF
stacklo                  (abs)        000120
start                    init         000000
start_initialization     cinit        00158A
timerReset@ciclos        cstackCOMRAM 000043
timerReset@tempo         cstackCOMRAM 000041


FUNCTION INFORMATION:

 *************** function _main *****************
 Defined at:
		line 10 in file "main.c"
 Parameters:    Size  Location     Type
		None
 Auto vars:     Size  Location     Type
  Tela3          32   64[BANK0 ] unsigned char [32]
  Tela2          32   32[BANK0 ] unsigned char [32]
  Tela1          32    0[BANK0 ] unsigned char [32]
  timerSSD        4  102[BANK0 ] unsigned long 
  i               1  107[BANK0 ] unsigned char 
  tecla           1  106[BANK0 ] unsigned char 
  VelocidadeVe    1  101[BANK0 ] unsigned char 
  EstadoVentoi    1  100[BANK0 ] unsigned char 
  EstadoTimer     1   99[BANK0 ] unsigned char 
  temp            1   98[BANK0 ] unsigned char 
  EstadoLumina    1   97[BANK0 ] unsigned char 
  Tela            1    0        unsigned char 
 Return value:  Size  Location     Type
                  1    wreg      void 
 Registers used:
		wreg, fsr1l, fsr1h, fsr2l, fsr2h, status,2, status,0, tblptrl, tblptrh, tblptru, prodl, prodh, cstack
 Tracked objects:
		On entry : 
		On exit  : 
		Unchanged: 
 Data sizes:     COMRAM   BANK0   BANK1   BANK2   BANK3   BANK4   BANK5
      Params:         0       0       0       0       0       0       0
      Locals:         0     108       0       0       0       0       0
      Temps:          2       0       0       0       0       0       0
      Totals:         2     108       0       0       0       0       0
Total ram usage:      110 bytes
 Hardware stack levels required when called:    4
 This function calls:
		___lldiv
		___llmod
		_kpDebounce
		_kpInit
		_kpRead
		_lcdCommand
		_lcdData
		_lcdInit
		_pwmInit
		_pwmSet1
		_ssdDigit
		_ssdInit
		_ssdUpdate
		_timerInit
		_timerReset
		_timerWait
 This function is called by:
		Startup code after reset
 This function uses a non-reentrant model


 *************** function _timerWait *****************
 Defined at:
		line 31 in file "timer.c"
 Parameters:    Size  Location     Type
		None
 Auto vars:     Size  Location     Type
		None
 Return value:  Size  Location     Type
                  1    wreg      void 
 Registers used:
		None
 Tracked objects:
		On entry : 
		On exit  : 
		Unchanged: 
 Data sizes:     COMRAM   BANK0   BANK1   BANK2   BANK3   BANK4   BANK5
      Params:         0       0       0       0       0       0       0
      Locals:         0       0       0       0       0       0       0
      Temps:          0       0       0       0       0       0       0
      Totals:         0       0       0       0       0       0       0
Total ram usage:        0 bytes
 Hardware stack levels used:    1
 This function calls:
		Nothing
 This function is called by:
		_main
 This function uses a non-reentrant model


 *************** function _timerReset *****************
 Defined at:
		line 37 in file "timer.c"
 Parameters:    Size  Location     Type
  tempo           2    0[COMRAM] unsigned int 
 Auto vars:     Size  Location     Type
  ciclos          2    2[COMRAM] unsigned int 
 Return value:  Size  Location     Type
                  1    wreg      void 
 Registers used:
		wreg, status,2, status,0
 Tracked objects:
		On entry : 
		On exit  : 
		Unchanged: 
 Data sizes:     COMRAM   BANK0   BANK1   BANK2   BANK3   BANK4   BANK5
      Params:         2       0       0       0       0       0       0
      Locals:         2       0       0       0       0       0       0
      Temps:          0       0       0       0       0       0       0
      Totals:         4       0       0       0       0       0       0
Total ram usage:        4 bytes
 Hardware stack levels used:    1
 This function calls:
		Nothing
 This function is called by:
		_main
 This function uses a non-reentrant model


 *************** function _timerInit *****************
 Defined at:
		line 51 in file "timer.c"
 Parameters:    Size  Location     Type
		None
 Auto vars:     Size  Location     Type
		None
 Return value:  Size  Location     Type
                  1    wreg      void 
 Registers used:
		wreg, status,2, status,0
 Tracked objects:
		On entry : 
		On exit  : 
		Unchanged: 
 Data sizes:     COMRAM   BANK0   BANK1   BANK2   BANK3   BANK4   BANK5
      Params:         0       0       0       0       0       0       0
      Locals:         0       0       0       0       0       0       0
      Temps:          0       0       0       0       0       0       0
      Totals:         0       0       0       0       0       0       0
Total ram usage:        0 bytes
 Hardware stack levels used:    1
 This function calls:
		Nothing
 This function is called by:
		_main
 This function uses a non-reentrant model


 *************** function _ssdUpdate *****************
 Defined at:
		line 54 in file "ssd.c"
 Parameters:    Size  Location     Type
		None
 Auto vars:     Size  Location     Type
		None
 Return value:  Size  Location     Type
                  1    wreg      void 
 Registers used:
		wreg, status,2, status,0, tblptrl, tblptrh, tblptru, cstack
 Tracked objects:
		On entry : 
		On exit  : 
		Unchanged: 
 Data sizes:     COMRAM   BANK0   BANK1   BANK2   BANK3   BANK4   BANK5
      Params:         0       0       0       0       0       0       0
      Locals:         0       0       0       0       0       0       0
      Temps:          2       0       0       0       0       0       0
      Totals:         2       0       0       0       0       0       0
Total ram usage:        2 bytes
 Hardware stack levels used:    1
 Hardware stack levels required when called:    1
 This function calls:
		_digitalWrite
 This function is called by:
		_main
 This function uses a non-reentrant model


 *************** function _ssdInit *****************
 Defined at:
		line 101 in file "ssd.c"
 Parameters:    Size  Location     Type
		None
 Auto vars:     Size  Location     Type
		None
 Return value:  Size  Location     Type
                  1    wreg      void 
 Registers used:
		wreg, status,2, status,0, cstack
 Tracked objects:
		On entry : 
		On exit  : 
		Unchanged: 
 Data sizes:     COMRAM   BANK0   BANK1   BANK2   BANK3   BANK4   BANK5
      Params:         0       0       0       0       0       0       0
      Locals:         0       0       0       0       0       0       0
      Temps:          0       0       0       0       0       0       0
      Totals:         0       0       0       0       0       0       0
Total ram usage:        0 bytes
 Hardware stack levels used:    1
 Hardware stack levels required when called:    1
 This function calls:
		_pinMode
 This function is called by:
		_main
 This function uses a non-reentrant model


 *************** function _ssdDigit *****************
 Defined at:
		line 38 in file "ssd.c"
 Parameters:    Size  Location     Type
  val             1    wreg     unsigned char 
  pos             1   22[COMRAM] unsigned char 
 Auto vars:     Size  Location     Type
  val             1   23[COMRAM] unsigned char 
 Return value:  Size  Location     Type
                  1    wreg      void 
 Registers used:
		wreg, status,2, status,0
 Tracked objects:
		On entry : 
		On exit  : 
		Unchanged: 
 Data sizes:     COMRAM   BANK0   BANK1   BANK2   BANK3   BANK4   BANK5
      Params:         1       0       0       0       0       0       0
      Locals:         1       0       0       0       0       0       0
      Temps:          0       0       0       0       0       0       0
      Totals:         2       0       0       0       0       0       0
Total ram usage:        2 bytes
 Hardware stack levels used:    1
 This function calls:
		Nothing
 This function is called by:
		_main
 This function uses a non-reentrant model


 *************** function _pwmSet1 *****************
 Defined at:
		line 24 in file "pwm1.c"
 Parameters:    Size  Location     Type
  porcento        1    wreg     unsigned char 
 Auto vars:     Size  Location     Type
  porcento        1    9[COMRAM] unsigned char 
  val             2   10[COMRAM] unsigned int 
 Return value:  Size  Location     Type
                  1    wreg      void 
 Registers used:
		wreg, status,2, status,0, prodl, prodh, cstack
 Tracked objects:
		On entry : 
		On exit  : 
		Unchanged: 
 Data sizes:     COMRAM   BANK0   BANK1   BANK2   BANK3   BANK4   BANK5
      Params:         0       0       0       0       0       0       0
      Locals:         3       0       0       0       0       0       0
      Temps:          2       0       0       0       0       0       0
      Totals:         5       0       0       0       0       0       0
Total ram usage:        5 bytes
 Hardware stack levels used:    1
 Hardware stack levels required when called:    1
 This function calls:
		___lwdiv
		___wmul
 This function is called by:
		_main
 This function uses a non-reentrant model


 *************** function ___wmul *****************
 Defined at:
		line 15 in file "A:\Microchip\xc8\v2.20\pic\sources\c99\common\Umul16.c"
 Parameters:    Size  Location     Type
  multiplier      2    0[COMRAM] unsigned int 
  multiplicand    2    2[COMRAM] unsigned int 
 Auto vars:     Size  Location     Type
  product         2    4[COMRAM] unsigned int 
 Return value:  Size  Location     Type
                  2    0[COMRAM] unsigned int 
 Registers used:
		wreg, status,2, status,0, prodl, prodh
 Tracked objects:
		On entry : 
		On exit  : 
		Unchanged: 
 Data sizes:     COMRAM   BANK0   BANK1   BANK2   BANK3   BANK4   BANK5
      Params:         4       0       0       0       0       0       0
      Locals:         2       0       0       0       0       0       0
      Temps:          0       0       0       0       0       0       0
      Totals:         6       0       0       0       0       0       0
Total ram usage:        6 bytes
 Hardware stack levels used:    1
 This function calls:
		Nothing
 This function is called by:
		_pwmSet1
		_pwmSet2
 This function uses a non-reentrant model


 *************** function ___lwdiv *****************
 Defined at:
		line 7 in file "A:\Microchip\xc8\v2.20\pic\sources\c99\common\lwdiv.c"
 Parameters:    Size  Location     Type
  dividend        2    0[COMRAM] unsigned int 
  divisor         2    2[COMRAM] unsigned int 
 Auto vars:     Size  Location     Type
  quotient        2    4[COMRAM] unsigned int 
  counter         1    6[COMRAM] unsigned char 
 Return value:  Size  Location     Type
                  2    0[COMRAM] unsigned int 
 Registers used:
		wreg, status,2, status,0
 Tracked objects:
		On entry : 
		On exit  : 
		Unchanged: 
 Data sizes:     COMRAM   BANK0   BANK1   BANK2   BANK3   BANK4   BANK5
      Params:         4       0       0       0       0       0       0
      Locals:         3       0       0       0       0       0       0
      Temps:          0       0       0       0       0       0       0
      Totals:         7       0       0       0       0       0       0
Total ram usage:        7 bytes
 Hardware stack levels used:    1
 This function calls:
		Nothing
 This function is called by:
		_pwmSet1
		_pwmSet2
 This function uses a non-reentrant model


 *************** function _pwmInit *****************
 Defined at:
		line 60 in file "pwm1.c"
 Parameters:    Size  Location     Type
		None
 Auto vars:     Size  Location     Type
		None
 Return value:  Size  Location     Type
                  1    wreg      void 
 Registers used:
		wreg, status,2, status,0
 Tracked objects:
		On entry : 
		On exit  : 
		Unchanged: 
 Data sizes:     COMRAM   BANK0   BANK1   BANK2   BANK3   BANK4   BANK5
      Params:         0       0       0       0       0       0       0
      Locals:         0       0       0       0       0       0       0
      Temps:          0       0       0       0       0       0       0
      Totals:         0       0       0       0       0       0       0
Total ram usage:        0 bytes
 Hardware stack levels used:    1
 This function calls:
		Nothing
 This function is called by:
		_main
 This function uses a non-reentrant model


 *************** function _lcdInit *****************
 Defined at:
		line 95 in file "lcd.c"
 Parameters:    Size  Location     Type
		None
 Auto vars:     Size  Location     Type
		None
 Return value:  Size  Location     Type
                  1    wreg      void 
 Registers used:
		wreg, status,2, status,0, cstack
 Tracked objects:
		On entry : 
		On exit  : 
		Unchanged: 
 Data sizes:     COMRAM   BANK0   BANK1   BANK2   BANK3   BANK4   BANK5
      Params:         0       0       0       0       0       0       0
      Locals:         0       0       0       0       0       0       0
      Temps:          0       0       0       0       0       0       0
      Totals:         0       0       0       0       0       0       0
Total ram usage:        0 bytes
 Hardware stack levels used:    1
 Hardware stack levels required when called:    3
 This function calls:
		_Delay2ms
		_lcdCommand
		_pinMode
 This function is called by:
		_main
 This function uses a non-reentrant model


 *************** function _pinMode *****************
 Defined at:
		line 54 in file "io.c"
 Parameters:    Size  Location     Type
  pin             2    0[COMRAM] int 
  type            2    2[COMRAM] int 
 Auto vars:     Size  Location     Type
		None
 Return value:  Size  Location     Type
                  1    wreg      void 
 Registers used:
		wreg, status,2, status,0
 Tracked objects:
		On entry : 
		On exit  : 
		Unchanged: 
 Data sizes:     COMRAM   BANK0   BANK1   BANK2   BANK3   BANK4   BANK5
      Params:         4       0       0       0       0       0       0
      Locals:         0       0       0       0       0       0       0
      Temps:          2       0       0       0       0       0       0
      Totals:         6       0       0       0       0       0       0
Total ram usage:        6 bytes
 Hardware stack levels used:    1
 This function calls:
		Nothing
 This function is called by:
		_lcdInit
		_ssdInit
 This function uses a non-reentrant model


 *************** function _lcdCommand *****************
 Defined at:
		line 48 in file "lcd.c"
 Parameters:    Size  Location     Type
  cmd             1    wreg     unsigned char 
 Auto vars:     Size  Location     Type
  cmd             1    7[COMRAM] unsigned char 
  old_D           1    6[COMRAM] unsigned char 
 Return value:  Size  Location     Type
                  1    wreg      void 
 Registers used:
		wreg, status,2, status,0, cstack
 Tracked objects:
		On entry : 
		On exit  : 
		Unchanged: 
 Data sizes:     COMRAM   BANK0   BANK1   BANK2   BANK3   BANK4   BANK5
      Params:         0       0       0       0       0       0       0
      Locals:         2       0       0       0       0       0       0
      Temps:          0       0       0       0       0       0       0
      Totals:         2       0       0       0       0       0       0
Total ram usage:        2 bytes
 Hardware stack levels used:    1
 Hardware stack levels required when called:    2
 This function calls:
		_Delay2ms
		_Delay40us
		_digitalWrite
 This function is called by:
		_main
		_lcdInit
 This function uses a non-reentrant model


 *************** function _Delay2ms *****************
 Defined at:
		line 37 in file "lcd.c"
 Parameters:    Size  Location     Type
		None
 Auto vars:     Size  Location     Type
  i               1    1[COMRAM] unsigned char 
 Return value:  Size  Location     Type
                  1    wreg      void 
 Registers used:
		wreg, status,2, status,0, cstack
 Tracked objects:
		On entry : 
		On exit  : 
		Unchanged: 
 Data sizes:     COMRAM   BANK0   BANK1   BANK2   BANK3   BANK4   BANK5
      Params:         0       0       0       0       0       0       0
      Locals:         1       0       0       0       0       0       0
      Temps:          0       0       0       0       0       0       0
      Totals:         1       0       0       0       0       0       0
Total ram usage:        1 bytes
 Hardware stack levels used:    1
 Hardware stack levels required when called:    1
 This function calls:
		_Delay40us
 This function is called by:
		_lcdCommand
		_lcdInit
 This function uses a non-reentrant model


 *************** function _lcdData *****************
 Defined at:
		line 74 in file "lcd.c"
 Parameters:    Size  Location     Type
  valor           1    wreg     unsigned char 
 Auto vars:     Size  Location     Type
  valor           1    6[COMRAM] unsigned char 
  old_D           1    7[COMRAM] unsigned char 
 Return value:  Size  Location     Type
                  1    wreg      void 
 Registers used:
		wreg, status,2, status,0, cstack
 Tracked objects:
		On entry : 
		On exit  : 
		Unchanged: 
 Data sizes:     COMRAM   BANK0   BANK1   BANK2   BANK3   BANK4   BANK5
      Params:         0       0       0       0       0       0       0
      Locals:         2       0       0       0       0       0       0
      Temps:          0       0       0       0       0       0       0
      Totals:         2       0       0       0       0       0       0
Total ram usage:        2 bytes
 Hardware stack levels used:    1
 Hardware stack levels required when called:    1
 This function calls:
		_Delay40us
		_digitalWrite
 This function is called by:
		_main
 This function uses a non-reentrant model


 *************** function _digitalWrite *****************
 Defined at:
		line 14 in file "io.c"
 Parameters:    Size  Location     Type
  pin             2    0[COMRAM] int 
  value           2    2[COMRAM] int 
 Auto vars:     Size  Location     Type
		None
 Return value:  Size  Location     Type
                  1    wreg      void 
 Registers used:
		wreg, status,2, status,0
 Tracked objects:
		On entry : 
		On exit  : 
		Unchanged: 
 Data sizes:     COMRAM   BANK0   BANK1   BANK2   BANK3   BANK4   BANK5
      Params:         4       0       0       0       0       0       0
      Locals:         0       0       0       0       0       0       0
      Temps:          2       0       0       0       0       0       0
      Totals:         6       0       0       0       0       0       0
Total ram usage:        6 bytes
 Hardware stack levels used:    1
 This function calls:
		Nothing
 This function is called by:
		_lcdCommand
		_lcdData
		_ssdUpdate
 This function uses a non-reentrant model


 *************** function _Delay40us *****************
 Defined at:
		line 31 in file "lcd.c"
 Parameters:    Size  Location     Type
		None
 Auto vars:     Size  Location     Type
  i               1    0[COMRAM] unsigned char 
 Return value:  Size  Location     Type
                  1    wreg      void 
 Registers used:
		wreg, status,2, status,0
 Tracked objects:
		On entry : 
		On exit  : 
		Unchanged: 
 Data sizes:     COMRAM   BANK0   BANK1   BANK2   BANK3   BANK4   BANK5
      Params:         0       0       0       0       0       0       0
      Locals:         1       0       0       0       0       0       0
      Temps:          0       0       0       0       0       0       0
      Totals:         1       0       0       0       0       0       0
Total ram usage:        1 bytes
 Hardware stack levels used:    1
 This function calls:
		Nothing
 This function is called by:
		_Delay2ms
		_lcdCommand
		_lcdData
 This function uses a non-reentrant model


 *************** function _kpRead *****************
 Defined at:
		line 35 in file "keypad.c"
 Parameters:    Size  Location     Type
		None
 Auto vars:     Size  Location     Type
		None
 Return value:  Size  Location     Type
                  2    0[COMRAM] unsigned int 
 Registers used:
		None
 Tracked objects:
		On entry : 
		On exit  : 
		Unchanged: 
 Data sizes:     COMRAM   BANK0   BANK1   BANK2   BANK3   BANK4   BANK5
      Params:         2       0       0       0       0       0       0
      Locals:         0       0       0       0       0       0       0
      Temps:          0       0       0       0       0       0       0
      Totals:         2       0       0       0       0       0       0
Total ram usage:        2 bytes
 Hardware stack levels used:    1
 This function calls:
		Nothing
 This function is called by:
		_main
 This function uses a non-reentrant model


 *************** function _kpInit *****************
 Defined at:
		line 87 in file "keypad.c"
 Parameters:    Size  Location     Type
		None
 Auto vars:     Size  Location     Type
		None
 Return value:  Size  Location     Type
                  1    wreg      void 
 Registers used:
		wreg, status,2, status,0
 Tracked objects:
		On entry : 
		On exit  : 
		Unchanged: 
 Data sizes:     COMRAM   BANK0   BANK1   BANK2   BANK3   BANK4   BANK5
      Params:         0       0       0       0       0       0       0
      Locals:         0       0       0       0       0       0       0
      Temps:          0       0       0       0       0       0       0
      Totals:         0       0       0       0       0       0       0
Total ram usage:        0 bytes
 Hardware stack levels used:    1
 This function calls:
		Nothing
 This function is called by:
		_main
 This function uses a non-reentrant model


 *************** function _kpDebounce *****************
 Defined at:
		line 39 in file "keypad.c"
 Parameters:    Size  Location     Type
		None
 Auto vars:     Size  Location     Type
  k               2    6[COMRAM] int 
  i               1    9[COMRAM] unsigned char 
  j               1    8[COMRAM] unsigned char 
  old_D           1    5[COMRAM] unsigned char 
 Return value:  Size  Location     Type
                  1    wreg      void 
 Registers used:
		wreg, status,2, status,0, prodl, prodh
 Tracked objects:
		On entry : 
		On exit  : 
		Unchanged: 
 Data sizes:     COMRAM   BANK0   BANK1   BANK2   BANK3   BANK4   BANK5
      Params:         0       0       0       0       0       0       0
      Locals:         5       0       0       0       0       0       0
      Temps:          5       0       0       0       0       0       0
      Totals:        10       0       0       0       0       0       0
Total ram usage:       10 bytes
 Hardware stack levels used:    1
 This function calls:
		Nothing
 This function is called by:
		_main
 This function uses a non-reentrant model


 *************** function ___llmod *****************
 Defined at:
		line 7 in file "A:\Microchip\xc8\v2.20\pic\sources\c99\common\llmod.c"
 Parameters:    Size  Location     Type
  dividend        4   13[COMRAM] unsigned long 
  divisor         4   17[COMRAM] unsigned long 
 Auto vars:     Size  Location     Type
  counter         1   21[COMRAM] unsigned char 
 Return value:  Size  Location     Type
                  4   13[COMRAM] unsigned long 
 Registers used:
		wreg, status,2, status,0
 Tracked objects:
		On entry : 
		On exit  : 
		Unchanged: 
 Data sizes:     COMRAM   BANK0   BANK1   BANK2   BANK3   BANK4   BANK5
      Params:         8       0       0       0       0       0       0
      Locals:         1       0       0       0       0       0       0
      Temps:          0       0       0       0       0       0       0
      Totals:         9       0       0       0       0       0       0
Total ram usage:        9 bytes
 Hardware stack levels used:    1
 This function calls:
		Nothing
 This function is called by:
		_main
 This function uses a non-reentrant model


 *************** function ___lldiv *****************
 Defined at:
		line 7 in file "A:\Microchip\xc8\v2.20\pic\sources\c99\common\__lldiv.c"
 Parameters:    Size  Location     Type
  dividend        4    0[COMRAM] unsigned long 
  divisor         4    4[COMRAM] unsigned long 
 Auto vars:     Size  Location     Type
  quotient        4    8[COMRAM] unsigned long 
  counter         1   12[COMRAM] unsigned char 
 Return value:  Size  Location     Type
                  4    0[COMRAM] unsigned long 
 Registers used:
		wreg, status,2, status,0
 Tracked objects:
		On entry : 
		On exit  : 
		Unchanged: 
 Data sizes:     COMRAM   BANK0   BANK1   BANK2   BANK3   BANK4   BANK5
      Params:         8       0       0       0       0       0       0
      Locals:         5       0       0       0       0       0       0
      Temps:          0       0       0       0       0       0       0
      Totals:        13       0       0       0       0       0       0
Total ram usage:       13 bytes
 Hardware stack levels used:    1
 This function calls:
		Nothing
 This function is called by:
		_main
 This function uses a non-reentrant model



MODULE INFORMATION

Module		Function		Class		Link	Load	Size
ssd.c
		_ssdInit       		CODE           	15E0	0000	87
		_ssdDigit      		CODE           	1532	0000	89
		_ssdUpdate     		CODE           	10E0	0000	337

ssd.c estimated size: 513

pwm1.c
		_pwmInit       		CODE           	1766	0000	21
		_pwmSet1       		CODE           	14C6	0000	109

pwm1.c estimated size: 130

keypad.c
		_kpInit        		CODE           	1794	0000	11
		_kpDebounce    		CODE           	0F66	0000	379
		_kpRead        		CODE           	178A	0000	11

keypad.c estimated size: 401

A:\Microchip\xc8\v2.20\pic\sources\c99\common\__lldiv.c
		___lldiv       		CODE           	1230	0000	165

A:\Microchip\xc8\v2.20\pic\sources\c99\common\__lldiv.c estimated size: 165

io.c
		_digitalWrite  		CODE           	0D18	0000	591
		_pinMode       		CODE           	0ACA	0000	591

io.c estimated size: 1182

timer.c
		_timerWait     		CODE           	177A	0000	17
		_timerReset    		CODE           	16F0	0000	35
		_timerInit     		CODE           	179E	0000	9

timer.c estimated size: 61

A:\Microchip\xc8\v2.20\pic\sources\c99\common\Umul16.c
		___wmul        		CODE           	16CA	0000	39

A:\Microchip\xc8\v2.20\pic\sources\c99\common\Umul16.c estimated size: 39

A:\Microchip\xc8\v2.20\pic\sources\c99\common\llmod.c
		___llmod       		CODE           	12D4	0000	137

A:\Microchip\xc8\v2.20\pic\sources\c99\common\llmod.c estimated size: 137

shared
		_valor@ssd$F244		SMALLCONST     	0601	0000	17
		__initialization		CODE           	158A	0000	77

shared estimated size: 94

lcd.c
		_lcdCommand    		CODE           	135C	0000	127
		_Delay40us     		CODE           	174E	0000	25
		_lcdInit       		CODE           	13DA	0000	121
		_lcdData       		CODE           	1636	0000	85
		_Delay2ms      		CODE           	1732	0000	29

lcd.c estimated size: 387

main.c
		_main          		CODE           	0612	0000	1209

main.c estimated size: 1209

A:\Microchip\xc8\v2.20\pic\sources\c99\common\lwdiv.c
		___lwdiv       		CODE           	1452	0000	117

A:\Microchip\xc8\v2.20\pic\sources\c99\common\lwdiv.c estimated size: 117

